[skip] R1/A001 missing
[skip] R1/A002 missing
[skip] R1/A003 missing
[skip] R1/A004 missing
[skip] R1/A005 missing
[skip] R1/A006 missing
[skip] R1/A007 missing
[skip] R1/A008 missing
[skip] R1/A009 missing
[skip] R1/A010 missing
[skip] R1/A011 missing
[skip] R1/A012 missing
[skip] R1/A013 missing
[skip] R1/A014 missing
[skip] R1/A015 missing
[skip] R1/A016 missing
[skip] R1/A017 missing
[skip] R1/A018 missing
[skip] R1/A019 missing
[skip] R1/A020 missing
[skip] R1/A021 missing
[skip] R1/A022 missing
[skip] R1/A023 missing
[skip] R1/A024 missing
[skip] R1/A025 missing
[skip] R1/A026 missing
[skip] R1/A027 missing
[skip] R1/A028 missing
[skip] R1/A029 missing
[skip] R1/A030 missing
[skip] R1/A031 missing
[skip] R1/A032 missing
[skip] R1/A033 missing
[skip] R1/A034 missing
[skip] R1/A035 missing
[skip] R1/A036 missing
[skip] R1/A037 missing
[skip] R1/A038 missing
[skip] R1/A039 missing
[skip] R1/A040 missing
[skip] R1/A041 missing
[skip] R1/A042 missing
[skip] R1/A043 missing
[skip] R1/A044 missing
[skip] R1/A045 missing
[skip] R1/A046 missing
[skip] R1/A047 missing
[skip] R1/A048 missing
[skip] R1/A049 missing
[skip] R1/A050 missing
[skip] R1/A051 missing
[skip] R1/A052 missing
[skip] R1/A053 missing
[skip] R1/A054 missing
[skip] R1/A055 missing
[skip] R1/A056 missing
[skip] R1/A057 missing
[skip] R1/A058 missing
[skip] R1/A059 missing
[skip] R1/A060 missing
[skip] R1/A061 missing
[skip] R1/A062 missing
[skip] R1/A063 missing
[skip] R1/A064 missing
[skip] R1/A065 missing
[skip] R1/A066 missing
[skip] R1/A067 missing
[skip] R1/A068 missing
[skip] R1/A069 missing
[skip] R1/A070 missing
[skip] R1/A071 missing
[skip] R1/A072 missing
[skip] R1/A073 missing
[skip] R1/A074 missing
[skip] R1/A075 missing
[skip] R1/A076 missing
[skip] R1/A077 missing
[skip] R1/A078 missing
[skip] R1/A079 missing
[skip] R1/A080 missing
[skip] R1/A081 missing
[skip] R1/A082 missing
[skip] R1/A083 missing
[skip] R1/A084 missing
[skip] R1/A085 missing
[skip] R1/A086 missing
[skip] R1/A087 missing
[skip] R1/A088 missing
[skip] R1/A089 missing
[skip] R1/A090 missing
[skip] R1/A091 missing
[skip] R1/A092 missing
[skip] R1/A093 missing
[skip] R1/A094 missing
[skip] R1/A095 missing
[skip] R1/A096 missing
[skip] R1/A097 missing
[skip] R1/A098 missing
[skip] R1/A099 missing
[skip] R1/A100 missing
{
  "R0_vs_O3r": {
    "prenorm.cos_median": 0.9957393025464703,
    "prenorm.rel_l2_median": 0.09666663447864404,
    "bf16_exact_median": 0.028937089256942272
  },
  "O0_vs_O3r": {
    "prenorm.cos_median": 0.9976227434761296,
    "prenorm.rel_l2_median": 0.06961290830897841,
    "bf16_exact_median": 0.031715694814920425
  }
}
plots saved
