[O0] openvino=2026.4.1-22982-e213a147257-releases/2026/4 read=0.1s compile=18.2s perf_hint=LATENCY exec_mode=ExecutionMode.ACCURACY inference_precision=<Type: 'float32'> outputs=39
[O0] output names (first/last): ['hidden_states.1', 'hidden_states.47', 'hidden_states.93'] ... ['hidden_states.1655', 'hidden_states.1655', 'out_38']
[O0][A001] seq=30 kept=16 emb=6.060s infer=5.955s
[O0][A002] seq=31 kept=17 emb=2.597s infer=0.742s
[O0][A003] seq=30 kept=16 emb=0.667s infer=0.694s
[O0][A004] seq=32 kept=18 emb=0.659s infer=0.696s
[O0][A005] seq=32 kept=18 emb=0.653s infer=0.721s
[O0][A006] seq=33 kept=19 emb=0.730s infer=0.728s
[O0][A007] seq=30 kept=16 emb=0.623s infer=0.665s
[O0][A008] seq=31 kept=17 emb=0.568s infer=0.719s
[O0][A009] seq=33 kept=19 emb=0.545s infer=0.728s
[O0][A010] seq=31 kept=17 emb=0.571s infer=0.680s
[O0][A011] seq=42 kept=28 emb=0.659s infer=2.412s
[O0][A012] seq=41 kept=27 emb=2.980s infer=0.882s
[O0][A013] seq=37 kept=23 emb=1.800s infer=0.783s
[O0][A014] seq=39 kept=25 emb=1.817s infer=0.827s
[O0][A015] seq=37 kept=23 emb=1.880s infer=0.730s
[O0][A016] seq=39 kept=25 emb=1.660s infer=0.789s
[O0][A017] seq=36 kept=22 emb=1.664s infer=0.723s
[O0][A018] seq=35 kept=21 emb=1.630s infer=0.724s
[O0][A019] seq=38 kept=24 emb=1.513s infer=0.776s
[O0][A020] seq=39 kept=25 emb=1.516s infer=0.818s
[O0][A021] seq=41 kept=27 emb=1.474s infer=0.839s
[O0][A022] seq=38 kept=24 emb=1.641s infer=0.776s
[O0][A023] seq=35 kept=21 emb=0.556s infer=0.739s
[O0][A024] seq=41 kept=27 emb=0.560s infer=0.792s
[O0][A025] seq=36 kept=22 emb=0.545s infer=0.739s
[O0][A026] seq=37 kept=23 emb=0.491s infer=0.806s
[O0][A027] seq=38 kept=24 emb=0.537s infer=0.967s
[O0][A028] seq=35 kept=21 emb=0.546s infer=0.737s
[O0][A029] seq=38 kept=24 emb=0.565s infer=0.763s
[O0][A030] seq=35 kept=21 emb=0.548s infer=0.770s
[O0][A031] seq=33 kept=19 emb=0.540s infer=0.731s
[O0][A032] seq=31 kept=17 emb=0.519s infer=0.718s
[O0][A033] seq=36 kept=22 emb=0.551s infer=0.740s
[O0][A034] seq=32 kept=18 emb=0.544s infer=0.777s
[O0][A035] seq=30 kept=16 emb=0.546s infer=0.699s
[O0][A036] seq=32 kept=18 emb=0.550s infer=0.718s
[O0][A037] seq=32 kept=18 emb=0.542s infer=0.660s
[O0][A038] seq=32 kept=18 emb=0.553s infer=0.738s
[O0][A039] seq=34 kept=20 emb=0.548s infer=0.736s
[O0][A040] seq=32 kept=18 emb=0.540s infer=0.720s
[O0][A041] seq=39 kept=25 emb=0.549s infer=0.817s
[O0][A042] seq=36 kept=22 emb=0.553s infer=0.807s
[O0][A043] seq=37 kept=23 emb=0.542s infer=0.761s
[O0][A044] seq=32 kept=18 emb=0.531s infer=0.702s
[O0][A045] seq=33 kept=19 emb=0.538s infer=0.727s
[O0][A046] seq=31 kept=17 emb=0.542s infer=0.705s
[O0][A047] seq=33 kept=19 emb=0.540s infer=0.715s
[O0][A048] seq=34 kept=20 emb=0.541s infer=0.682s
[O0][A049] seq=39 kept=25 emb=0.575s infer=0.743s
[O0][A050] seq=35 kept=21 emb=0.511s infer=0.729s
[O0][A051] seq=34 kept=20 emb=0.502s infer=0.784s
[O0][A052] seq=36 kept=22 emb=0.530s infer=0.715s
[O0][A053] seq=35 kept=21 emb=0.524s infer=0.729s
[O0][A054] seq=37 kept=23 emb=0.511s infer=0.772s
[O0][A055] seq=35 kept=21 emb=0.516s infer=0.726s
[O0][A056] seq=37 kept=23 emb=0.507s infer=0.781s
[O0][A057] seq=33 kept=19 emb=0.536s infer=0.737s
[O0][A058] seq=33 kept=19 emb=0.516s infer=0.710s
[O0][A059] seq=35 kept=21 emb=0.535s infer=0.722s
[O0][A060] seq=34 kept=20 emb=0.519s infer=0.730s
[O0][A061] seq=39 kept=25 emb=0.540s infer=0.768s
[O0][A062] seq=37 kept=23 emb=0.519s infer=0.799s
[O0][A063] seq=33 kept=19 emb=0.522s infer=0.725s
[O0][A064] seq=31 kept=17 emb=0.538s infer=0.719s
[O0][A065] seq=35 kept=21 emb=0.533s infer=0.762s
[O0][A066] seq=37 kept=23 emb=0.518s infer=0.812s
[O0][A067] seq=34 kept=20 emb=0.518s infer=0.741s
[O0][A068] seq=32 kept=18 emb=0.517s infer=0.739s
[O0][A069] seq=34 kept=20 emb=0.529s infer=0.755s
[O0][A070] seq=32 kept=18 emb=0.529s infer=0.848s
[O0][A071] seq=79 kept=65 emb=0.521s infer=1.231s
[O0][A072] seq=54 kept=40 emb=0.498s infer=0.932s
[O0][A073] seq=57 kept=43 emb=0.499s infer=0.942s
[O0][A074] seq=53 kept=39 emb=0.506s infer=0.882s
[O0][A075] seq=52 kept=38 emb=0.512s infer=1.002s
[O0][A076] seq=53 kept=39 emb=0.496s infer=0.928s
[O0][A077] seq=53 kept=39 emb=0.494s infer=0.903s
[O0][A078] seq=50 kept=36 emb=0.498s infer=0.936s
[O0][A079] seq=51 kept=37 emb=0.507s infer=0.928s
[O0][A080] seq=49 kept=35 emb=0.492s infer=0.916s
[O0][A081] seq=40 kept=26 emb=0.524s infer=0.842s
[O0][A082] seq=41 kept=27 emb=0.514s infer=0.836s
[O0][A083] seq=42 kept=28 emb=0.527s infer=0.838s
[O0][A084] seq=39 kept=25 emb=0.495s infer=0.805s
[O0][A085] seq=39 kept=25 emb=0.501s infer=0.819s
[O0][A086] seq=36 kept=22 emb=0.513s infer=0.793s
[O0][A087] seq=36 kept=22 emb=0.532s infer=0.897s
[O0][A088] seq=38 kept=24 emb=0.510s infer=0.956s
[O0][A089] seq=40 kept=26 emb=0.552s infer=0.825s
[O0][A090] seq=43 kept=29 emb=0.537s infer=0.842s
[O0][A091] seq=36 kept=22 emb=0.487s infer=0.786s
[O0][A092] seq=48 kept=34 emb=0.492s infer=0.920s
[O0][A093] seq=37 kept=23 emb=0.627s infer=0.817s
[O0][A094] seq=38 kept=24 emb=0.562s infer=0.805s
[O0][A095] seq=47 kept=33 emb=0.505s infer=0.897s
[O0][A096] seq=37 kept=23 emb=0.594s infer=0.786s
[O0][A097] seq=40 kept=26 emb=0.564s infer=0.812s
[O0][A098] seq=42 kept=28 emb=0.518s infer=0.814s
[O0][A099] seq=43 kept=29 emb=0.500s infer=0.828s
[O0][A100] seq=37 kept=23 emb=0.748s infer=0.797s
done O0
O0_100_DONE
[O1] openvino=2026.4.1-22982-e213a147257-releases/2026/4 read=0.1s compile=12.3s perf_hint=LATENCY exec_mode=ExecutionMode.ACCURACY inference_precision=<Type: 'bfloat16'> outputs=39
[O1] output names (first/last): ['hidden_states.1', '384', 'hidden_states.93'] ... ['hidden_states.1655', 'hidden_states.1655', 'out_38']
[O1][A001] seq=30 kept=16 emb=1.752s infer=4.533s
[O1][A002] seq=31 kept=17 emb=3.409s infer=0.347s
[O1][A003] seq=30 kept=16 emb=0.584s infer=0.340s
[O1][A004] seq=32 kept=18 emb=0.577s infer=0.339s
[O1][A005] seq=32 kept=18 emb=0.596s infer=0.317s
[O1][A006] seq=33 kept=19 emb=0.620s infer=0.349s
[O1][A007] seq=30 kept=16 emb=0.680s infer=0.336s
[O1][A008] seq=31 kept=17 emb=0.612s infer=0.341s
[O1][A009] seq=33 kept=19 emb=0.590s infer=0.393s
[O1][A010] seq=31 kept=17 emb=0.577s infer=0.401s
[O1][A011] seq=42 kept=28 emb=0.656s infer=0.615s
[O1][A012] seq=41 kept=27 emb=0.573s infer=0.416s
[O1][A013] seq=37 kept=23 emb=0.582s infer=0.415s
[O1][A014] seq=39 kept=25 emb=0.636s infer=0.413s
[O1][A015] seq=37 kept=23 emb=0.614s infer=0.356s
[O1][A016] seq=39 kept=25 emb=0.590s infer=0.404s
[O1][A017] seq=36 kept=22 emb=0.586s infer=0.399s
[O1][A018] seq=35 kept=21 emb=0.738s infer=0.402s
[O1][A019] seq=38 kept=24 emb=0.700s infer=0.431s
[O1][A020] seq=39 kept=25 emb=0.596s infer=0.393s
[O1][A021] seq=41 kept=27 emb=0.577s infer=0.388s
[O1][A022] seq=38 kept=24 emb=0.636s infer=0.385s
[O1][A023] seq=35 kept=21 emb=0.578s infer=0.343s
[O1][A024] seq=41 kept=27 emb=0.578s infer=0.408s
[O1][A025] seq=36 kept=22 emb=0.934s infer=0.394s
[O1][A026] seq=37 kept=23 emb=0.625s infer=0.381s
[O1][A027] seq=38 kept=24 emb=0.573s infer=0.403s
[O1][A028] seq=35 kept=21 emb=0.641s infer=0.392s
[O1][A029] seq=38 kept=24 emb=0.598s infer=0.429s
[O1][A030] seq=35 kept=21 emb=0.645s infer=0.419s
[O1][A031] seq=33 kept=19 emb=0.615s infer=0.404s
[O1][A032] seq=31 kept=17 emb=0.594s infer=0.413s
[O1][A033] seq=36 kept=22 emb=0.621s infer=0.429s
[O1][A034] seq=32 kept=18 emb=0.643s infer=0.370s
[O1][A035] seq=30 kept=16 emb=0.595s infer=0.338s
[O1][A036] seq=32 kept=18 emb=0.777s infer=0.344s
[O1][A037] seq=32 kept=18 emb=0.571s infer=0.328s
[O1][A038] seq=32 kept=18 emb=0.592s infer=0.358s
[O1][A039] seq=34 kept=20 emb=0.584s infer=0.396s
[O1][A040] seq=32 kept=18 emb=0.571s infer=0.341s
[O1][A041] seq=39 kept=25 emb=0.657s infer=0.398s
[O1][A042] seq=36 kept=22 emb=0.615s infer=0.396s
[O1][A043] seq=37 kept=23 emb=0.650s infer=0.421s
[O1][A044] seq=32 kept=18 emb=0.700s infer=0.362s
[O1][A045] seq=33 kept=19 emb=0.592s infer=0.341s
[O1][A046] seq=31 kept=17 emb=0.650s infer=0.376s
[O1][A047] seq=33 kept=19 emb=0.602s infer=0.365s
[O1][A048] seq=34 kept=20 emb=0.596s infer=0.399s
[O1][A049] seq=39 kept=25 emb=0.843s infer=0.413s
[O1][A050] seq=35 kept=21 emb=0.666s infer=0.396s
[O1][A051] seq=34 kept=20 emb=0.580s infer=0.409s
[O1][A052] seq=36 kept=22 emb=0.567s infer=0.413s
[O1][A053] seq=35 kept=21 emb=0.611s infer=0.372s
[O1][A054] seq=37 kept=23 emb=0.559s infer=0.420s
[O1][A055] seq=35 kept=21 emb=0.571s infer=0.345s
[O1][A056] seq=37 kept=23 emb=0.572s infer=0.353s
[O1][A057] seq=33 kept=19 emb=0.563s infer=0.350s
[O1][A058] seq=33 kept=19 emb=0.559s infer=0.326s
[O1][A059] seq=35 kept=21 emb=0.555s infer=0.339s
[O1][A060] seq=34 kept=20 emb=0.550s infer=0.407s
[O1][A061] seq=39 kept=25 emb=0.575s infer=0.546s
[O1][A062] seq=37 kept=23 emb=0.567s infer=0.417s
[O1][A063] seq=33 kept=19 emb=0.570s infer=0.355s
[O1][A064] seq=31 kept=17 emb=0.562s infer=0.345s
[O1][A065] seq=35 kept=21 emb=0.566s infer=0.356s
[O1][A066] seq=37 kept=23 emb=0.563s infer=0.362s
[O1][A067] seq=34 kept=20 emb=0.574s infer=0.409s
[O1][A068] seq=32 kept=18 emb=0.571s infer=0.342s
[O1][A069] seq=34 kept=20 emb=0.573s infer=0.350s
[O1][A070] seq=32 kept=18 emb=0.560s infer=0.339s
[O1][A071] seq=79 kept=65 emb=0.551s infer=0.961s
[O1][A072] seq=54 kept=40 emb=0.595s infer=0.493s
[O1][A073] seq=57 kept=43 emb=0.541s infer=0.524s
[O1][A074] seq=53 kept=39 emb=0.613s infer=0.451s
[O1][A075] seq=52 kept=38 emb=0.552s infer=0.436s
[O1][A076] seq=53 kept=39 emb=0.550s infer=0.447s
[O1][A077] seq=53 kept=39 emb=0.550s infer=0.431s
[O1][A078] seq=50 kept=36 emb=0.555s infer=0.441s
[O1][A079] seq=51 kept=37 emb=0.551s infer=0.429s
[O1][A080] seq=49 kept=35 emb=0.600s infer=0.434s
[O1][A081] seq=40 kept=26 emb=0.571s infer=0.402s
[O1][A082] seq=41 kept=27 emb=0.562s infer=0.395s
[O1][A083] seq=42 kept=28 emb=0.571s infer=0.424s
[O1][A084] seq=39 kept=25 emb=0.649s infer=0.377s
[O1][A085] seq=39 kept=25 emb=0.569s infer=0.406s
[O1][A086] seq=36 kept=22 emb=0.747s infer=0.421s
[O1][A087] seq=36 kept=22 emb=0.560s infer=0.380s
[O1][A088] seq=38 kept=24 emb=0.563s infer=0.390s
[O1][A089] seq=40 kept=26 emb=0.622s infer=0.372s
[O1][A090] seq=43 kept=29 emb=0.562s infer=0.434s
[O1][A091] seq=36 kept=22 emb=0.603s infer=0.379s
[O1][A092] seq=48 kept=34 emb=0.572s infer=0.419s
[O1][A093] seq=37 kept=23 emb=0.572s infer=0.399s
[O1][A094] seq=38 kept=24 emb=0.683s infer=0.383s
[O1][A095] seq=47 kept=33 emb=0.559s infer=0.423s
[O1][A096] seq=37 kept=23 emb=0.575s infer=0.405s
[O1][A097] seq=40 kept=26 emb=0.545s infer=0.388s
[O1][A098] seq=42 kept=28 emb=0.556s infer=0.428s
[O1][A099] seq=43 kept=29 emb=0.652s infer=0.425s
[O1][A100] seq=37 kept=23 emb=0.529s infer=0.416s
done O1
O1_100_DONE
