/opt/venv/lib/python3.12/site-packages/torchvision/models/_utils.py:207: UserWarning: The parameter 'pretrained' is deprecated since 0.13 and may be removed in the future, please use 'weights' instead.
  warnings.warn(
/opt/venv/lib/python3.12/site-packages/torchvision/models/_utils.py:222: UserWarning: Arguments other than a weight enum or `None` for 'weights' are deprecated since 0.13 and may be removed in the future. The current behavior is equivalent to passing `weights=AlexNet_Weights.IMAGENET1K_V1`. You can also use `weights=AlexNet_Weights.DEFAULT` to get the most up-to-date weights.
  warnings.warn(msg)
{'tag': 'alignment_100_A001_s20261001_40s', 'arm_a': 'R0', 'arm_b': 'O3r', 'psnr': '47.1699', 'ssim': '0.9968', 'lpips': '0.0017'}
{'tag': 'alignment_100_A002_s20261001_40s', 'arm_a': 'R0', 'arm_b': 'O3r', 'psnr': '34.2416', 'ssim': '0.9824', 'lpips': '0.0112'}
{'tag': 'alignment_100_A003_s20261001_40s', 'arm_a': 'R0', 'arm_b': 'O3r', 'psnr': '31.1346', 'ssim': '0.9773', 'lpips': '0.0161'}
{'tag': 'alignment_100_A004_s20261001_40s', 'arm_a': 'R0', 'arm_b': 'O3r', 'psnr': '38.3360', 'ssim': '0.9867', 'lpips': '0.0058'}
{'tag': 'alignment_100_A005_s20261001_40s', 'arm_a': 'R0', 'arm_b': 'O3r', 'psnr': '20.1329', 'ssim': '0.8613', 'lpips': '0.1224'}
{'tag': 'alignment_100_A006_s20261001_40s', 'arm_a': 'R0', 'arm_b': 'O3r', 'psnr': '34.5761', 'ssim': '0.9876', 'lpips': '0.0237'}
{'tag': 'alignment_100_A007_s20261001_40s', 'arm_a': 'R0', 'arm_b': 'O3r', 'psnr': '36.5204', 'ssim': '0.9929', 'lpips': '0.0059'}
{'tag': 'alignment_100_A008_s20261001_40s', 'arm_a': 'R0', 'arm_b': 'O3r', 'psnr': '45.1642', 'ssim': '0.9964', 'lpips': '0.0018'}
{'tag': 'alignment_100_A009_s20261001_40s', 'arm_a': 'R0', 'arm_b': 'O3r', 'psnr': '38.5084', 'ssim': '0.9903', 'lpips': '0.0072'}
{'tag': 'alignment_100_A010_s20261001_40s', 'arm_a': 'R0', 'arm_b': 'O3r', 'psnr': '33.9737', 'ssim': '0.9854', 'lpips': '0.0231'}
{'tag': 'alignment_100_A011_s20261001_40s', 'arm_a': 'R0', 'arm_b': 'O3r', 'psnr': '33.0264', 'ssim': '0.9800', 'lpips': '0.0123'}
{'tag': 'alignment_100_A012_s20261001_40s', 'arm_a': 'R0', 'arm_b': 'O3r', 'psnr': '19.7448', 'ssim': '0.8379', 'lpips': '0.1275'}
{'tag': 'alignment_100_A013_s20261001_40s', 'arm_a': 'R0', 'arm_b': 'O3r', 'psnr': '24.8091', 'ssim': '0.9200', 'lpips': '0.0772'}
{'tag': 'alignment_100_A014_s20261001_40s', 'arm_a': 'R0', 'arm_b': 'O3r', 'psnr': '26.1438', 'ssim': '0.9464', 'lpips': '0.0541'}
{'tag': 'alignment_100_A015_s20261001_40s', 'arm_a': 'R0', 'arm_b': 'O3r', 'psnr': '30.3249', 'ssim': '0.9652', 'lpips': '0.0388'}
{'tag': 'alignment_100_A016_s20261001_40s', 'arm_a': 'R0', 'arm_b': 'O3r', 'psnr': '24.3587', 'ssim': '0.9031', 'lpips': '0.0845'}
{'tag': 'alignment_100_A017_s20261001_40s', 'arm_a': 'R0', 'arm_b': 'O3r', 'psnr': '37.7766', 'ssim': '0.9886', 'lpips': '0.0117'}
{'tag': 'alignment_100_A018_s20261001_40s', 'arm_a': 'R0', 'arm_b': 'O3r', 'psnr': '40.3158', 'ssim': '0.9893', 'lpips': '0.0092'}
{'tag': 'alignment_100_A019_s20261001_40s', 'arm_a': 'R0', 'arm_b': 'O3r', 'psnr': '20.5994', 'ssim': '0.8265', 'lpips': '0.1430'}
{'tag': 'alignment_100_A020_s20261001_40s', 'arm_a': 'R0', 'arm_b': 'O3r', 'psnr': '25.0135', 'ssim': '0.9331', 'lpips': '0.0623'}
{'tag': 'alignment_100_A021_s20261001_40s', 'arm_a': 'R0', 'arm_b': 'O3r', 'psnr': '37.6886', 'ssim': '0.9937', 'lpips': '0.0048'}
{'tag': 'alignment_100_A022_s20261001_40s', 'arm_a': 'R0', 'arm_b': 'O3r', 'psnr': '31.7509', 'ssim': '0.9808', 'lpips': '0.0106'}
{'tag': 'alignment_100_A023_s20261001_40s', 'arm_a': 'R0', 'arm_b': 'O3r', 'psnr': '26.3277', 'ssim': '0.9563', 'lpips': '0.0421'}
{'tag': 'alignment_100_A024_s20261001_40s', 'arm_a': 'R0', 'arm_b': 'O3r', 'psnr': '23.8310', 'ssim': '0.9199', 'lpips': '0.0858'}
{'tag': 'alignment_100_A025_s20261001_40s', 'arm_a': 'R0', 'arm_b': 'O3r', 'psnr': '29.1481', 'ssim': '0.9732', 'lpips': '0.0209'}
{'tag': 'alignment_100_A026_s20261001_40s', 'arm_a': 'R0', 'arm_b': 'O3r', 'psnr': '27.2963', 'ssim': '0.9373', 'lpips': '0.0581'}
{'tag': 'alignment_100_A027_s20261001_40s', 'arm_a': 'R0', 'arm_b': 'O3r', 'psnr': '38.4968', 'ssim': '0.9902', 'lpips': '0.0086'}
{'tag': 'alignment_100_A028_s20261001_40s', 'arm_a': 'R0', 'arm_b': 'O3r', 'psnr': '36.8075', 'ssim': '0.9919', 'lpips': '0.0039'}
{'tag': 'alignment_100_A029_s20261001_40s', 'arm_a': 'R0', 'arm_b': 'O3r', 'psnr': '28.8136', 'ssim': '0.9681', 'lpips': '0.0323'}
{'tag': 'alignment_100_A030_s20261001_40s', 'arm_a': 'R0', 'arm_b': 'O3r', 'psnr': '43.4426', 'ssim': '0.9957', 'lpips': '0.0027'}
{'tag': 'alignment_100_A031_s20261001_40s', 'arm_a': 'R0', 'arm_b': 'O3r', 'psnr': '25.4947', 'ssim': '0.9535', 'lpips': '0.0435'}
{'tag': 'alignment_100_A032_s20261001_40s', 'arm_a': 'R0', 'arm_b': 'O3r', 'psnr': '35.9228', 'ssim': '0.9885', 'lpips': '0.0095'}
{'tag': 'alignment_100_A033_s20261001_40s', 'arm_a': 'R0', 'arm_b': 'O3r', 'psnr': '38.6181', 'ssim': '0.9908', 'lpips': '0.0053'}
{'tag': 'alignment_100_A034_s20261001_40s', 'arm_a': 'R0', 'arm_b': 'O3r', 'psnr': '26.9931', 'ssim': '0.9522', 'lpips': '0.0665'}
{'tag': 'alignment_100_A035_s20261001_40s', 'arm_a': 'R0', 'arm_b': 'O3r', 'psnr': '26.2738', 'ssim': '0.9384', 'lpips': '0.0504'}
{'tag': 'alignment_100_A036_s20261001_40s', 'arm_a': 'R0', 'arm_b': 'O3r', 'psnr': '37.7397', 'ssim': '0.9917', 'lpips': '0.0076'}
{'tag': 'alignment_100_A037_s20261001_40s', 'arm_a': 'R0', 'arm_b': 'O3r', 'psnr': '29.9471', 'ssim': '0.9773', 'lpips': '0.0290'}
{'tag': 'alignment_100_A038_s20261001_40s', 'arm_a': 'R0', 'arm_b': 'O3r', 'psnr': '25.8768', 'ssim': '0.9639', 'lpips': '0.0685'}
{'tag': 'alignment_100_A039_s20261001_40s', 'arm_a': 'R0', 'arm_b': 'O3r', 'psnr': '25.1859', 'ssim': '0.9374', 'lpips': '0.0902'}
{'tag': 'alignment_100_A040_s20261001_40s', 'arm_a': 'R0', 'arm_b': 'O3r', 'psnr': '27.8268', 'ssim': '0.9686', 'lpips': '0.0249'}
{'tag': 'alignment_100_A041_s20261001_40s', 'arm_a': 'R0', 'arm_b': 'O3r', 'psnr': '22.8190', 'ssim': '0.8180', 'lpips': '0.2197'}
{'tag': 'alignment_100_A042_s20261001_40s', 'arm_a': 'R0', 'arm_b': 'O3r', 'psnr': '33.1318', 'ssim': '0.9772', 'lpips': '0.0186'}
{'tag': 'alignment_100_A043_s20261001_40s', 'arm_a': 'R0', 'arm_b': 'O3r', 'psnr': '26.8922', 'ssim': '0.9521', 'lpips': '0.0519'}
{'tag': 'alignment_100_A044_s20261001_40s', 'arm_a': 'R0', 'arm_b': 'O3r', 'psnr': '34.6436', 'ssim': '0.9861', 'lpips': '0.0126'}
{'tag': 'alignment_100_A045_s20261001_40s', 'arm_a': 'R0', 'arm_b': 'O3r', 'psnr': '33.5902', 'ssim': '0.9795', 'lpips': '0.0336'}
{'tag': 'alignment_100_A046_s20261001_40s', 'arm_a': 'R0', 'arm_b': 'O3r', 'psnr': '27.1622', 'ssim': '0.9463', 'lpips': '0.0495'}
{'tag': 'alignment_100_A047_s20261001_40s', 'arm_a': 'R0', 'arm_b': 'O3r', 'psnr': '30.3301', 'ssim': '0.9714', 'lpips': '0.0273'}
{'tag': 'alignment_100_A048_s20261001_40s', 'arm_a': 'R0', 'arm_b': 'O3r', 'psnr': '29.4360', 'ssim': '0.9680', 'lpips': '0.0266'}
{'tag': 'alignment_100_A049_s20261001_40s', 'arm_a': 'R0', 'arm_b': 'O3r', 'psnr': '30.0022', 'ssim': '0.9686', 'lpips': '0.0315'}
{'tag': 'alignment_100_A050_s20261001_40s', 'arm_a': 'R0', 'arm_b': 'O3r', 'psnr': '38.6916', 'ssim': '0.9923', 'lpips': '0.0116'}
{'tag': 'alignment_100_A051_s20261001_40s', 'arm_a': 'R0', 'arm_b': 'O3r', 'psnr': '32.9195', 'ssim': '0.9821', 'lpips': '0.0172'}
{'tag': 'alignment_100_A052_s20261001_40s', 'arm_a': 'R0', 'arm_b': 'O3r', 'psnr': '44.5871', 'ssim': '0.9948', 'lpips': '0.0037'}
{'tag': 'alignment_100_A053_s20261001_40s', 'arm_a': 'R0', 'arm_b': 'O3r', 'psnr': '30.8990', 'ssim': '0.9856', 'lpips': '0.0117'}
{'tag': 'alignment_100_A054_s20261001_40s', 'arm_a': 'R0', 'arm_b': 'O3r', 'psnr': '23.6111', 'ssim': '0.8934', 'lpips': '0.0739'}
{'tag': 'alignment_100_A055_s20261001_40s', 'arm_a': 'R0', 'arm_b': 'O3r', 'psnr': '30.6103', 'ssim': '0.9897', 'lpips': '0.0118'}
{'tag': 'alignment_100_A056_s20261001_40s', 'arm_a': 'R0', 'arm_b': 'O3r', 'psnr': '24.2299', 'ssim': '0.9180', 'lpips': '0.0625'}
{'tag': 'alignment_100_A057_s20261001_40s', 'arm_a': 'R0', 'arm_b': 'O3r', 'psnr': '25.6828', 'ssim': '0.9583', 'lpips': '0.0342'}
{'tag': 'alignment_100_A058_s20261001_40s', 'arm_a': 'R0', 'arm_b': 'O3r', 'psnr': '38.9512', 'ssim': '0.9931', 'lpips': '0.0034'}
{'tag': 'alignment_100_A059_s20261001_40s', 'arm_a': 'R0', 'arm_b': 'O3r', 'psnr': '35.2302', 'ssim': '0.9922', 'lpips': '0.0129'}
{'tag': 'alignment_100_A060_s20261001_40s', 'arm_a': 'R0', 'arm_b': 'O3r', 'psnr': '22.7767', 'ssim': '0.8479', 'lpips': '0.1118'}
{'tag': 'alignment_100_A061_s20261001_40s', 'arm_a': 'R0', 'arm_b': 'O3r', 'psnr': '38.7735', 'ssim': '0.9808', 'lpips': '0.0247'}
{'tag': 'alignment_100_A062_s20261001_40s', 'arm_a': 'R0', 'arm_b': 'O3r', 'psnr': '42.3744', 'ssim': '0.9947', 'lpips': '0.0036'}
{'tag': 'alignment_100_A063_s20261001_40s', 'arm_a': 'R0', 'arm_b': 'O3r', 'psnr': '42.5866', 'ssim': '0.9950', 'lpips': '0.0041'}
{'tag': 'alignment_100_A064_s20261001_40s', 'arm_a': 'R0', 'arm_b': 'O3r', 'psnr': '34.0903', 'ssim': '0.9841', 'lpips': '0.0125'}
{'tag': 'alignment_100_A065_s20261001_40s', 'arm_a': 'R0', 'arm_b': 'O3r', 'psnr': '51.1239', 'ssim': '0.9967', 'lpips': '0.0019'}
{'tag': 'alignment_100_A066_s20261001_40s', 'arm_a': 'R0', 'arm_b': 'O3r', 'psnr': '42.0876', 'ssim': '0.9939', 'lpips': '0.0036'}
{'tag': 'alignment_100_A067_s20261001_40s', 'arm_a': 'R0', 'arm_b': 'O3r', 'psnr': '40.5797', 'ssim': '0.9957', 'lpips': '0.0018'}
{'tag': 'alignment_100_A068_s20261001_40s', 'arm_a': 'R0', 'arm_b': 'O3r', 'psnr': '33.6991', 'ssim': '0.9810', 'lpips': '0.0181'}
{'tag': 'alignment_100_A069_s20261001_40s', 'arm_a': 'R0', 'arm_b': 'O3r', 'psnr': '22.2799', 'ssim': '0.8853', 'lpips': '0.1506'}
{'tag': 'alignment_100_A070_s20261001_40s', 'arm_a': 'R0', 'arm_b': 'O3r', 'psnr': '33.3578', 'ssim': '0.9749', 'lpips': '0.0237'}
{'tag': 'alignment_100_A071_s20261001_40s', 'arm_a': 'R0', 'arm_b': 'O3r', 'psnr': '28.8762', 'ssim': '0.9597', 'lpips': '0.0360'}
{'tag': 'alignment_100_A072_s20261001_40s', 'arm_a': 'R0', 'arm_b': 'O3r', 'psnr': '15.6701', 'ssim': '0.7357', 'lpips': '0.1896'}
{'tag': 'alignment_100_A073_s20261001_40s', 'arm_a': 'R0', 'arm_b': 'O3r', 'psnr': '31.5379', 'ssim': '0.9740', 'lpips': '0.0242'}
{'tag': 'alignment_100_A074_s20261001_40s', 'arm_a': 'R0', 'arm_b': 'O3r', 'psnr': '25.7405', 'ssim': '0.9252', 'lpips': '0.0650'}
{'tag': 'alignment_100_A075_s20261001_40s', 'arm_a': 'R0', 'arm_b': 'O3r', 'psnr': '22.8254', 'ssim': '0.9180', 'lpips': '0.0963'}
{'tag': 'alignment_100_A076_s20261001_40s', 'arm_a': 'R0', 'arm_b': 'O3r', 'psnr': '24.6609', 'ssim': '0.8734', 'lpips': '0.0978'}
{'tag': 'alignment_100_A077_s20261001_40s', 'arm_a': 'R0', 'arm_b': 'O3r', 'psnr': '22.3921', 'ssim': '0.8528', 'lpips': '0.1243'}
{'tag': 'alignment_100_A078_s20261001_40s', 'arm_a': 'R0', 'arm_b': 'O3r', 'psnr': '27.4304', 'ssim': '0.9470', 'lpips': '0.0553'}
{'tag': 'alignment_100_A079_s20261001_40s', 'arm_a': 'R0', 'arm_b': 'O3r', 'psnr': '27.5416', 'ssim': '0.9334', 'lpips': '0.0588'}
{'tag': 'alignment_100_A080_s20261001_40s', 'arm_a': 'R0', 'arm_b': 'O3r', 'psnr': '22.4449', 'ssim': '0.8469', 'lpips': '0.1122'}
{'tag': 'alignment_100_A081_s20261001_40s', 'arm_a': 'R0', 'arm_b': 'O3r', 'psnr': '18.7964', 'ssim': '0.9229', 'lpips': '0.0660'}
{'tag': 'alignment_100_A082_s20261001_40s', 'arm_a': 'R0', 'arm_b': 'O3r', 'psnr': '19.8574', 'ssim': '0.8069', 'lpips': '0.1535'}
{'tag': 'alignment_100_A083_s20261001_40s', 'arm_a': 'R0', 'arm_b': 'O3r', 'psnr': '35.4379', 'ssim': '0.9830', 'lpips': '0.0192'}
{'tag': 'alignment_100_A084_s20261001_40s', 'arm_a': 'R0', 'arm_b': 'O3r', 'psnr': '23.3002', 'ssim': '0.8688', 'lpips': '0.1351'}
{'tag': 'alignment_100_A085_s20261001_40s', 'arm_a': 'R0', 'arm_b': 'O3r', 'psnr': '23.6209', 'ssim': '0.9676', 'lpips': '0.0327'}
{'tag': 'alignment_100_A086_s20261001_40s', 'arm_a': 'R0', 'arm_b': 'O3r', 'psnr': '18.8604', 'ssim': '0.8157', 'lpips': '0.1241'}
{'tag': 'alignment_100_A087_s20261001_40s', 'arm_a': 'R0', 'arm_b': 'O3r', 'psnr': '14.4819', 'ssim': '0.7575', 'lpips': '0.2124'}
{'tag': 'alignment_100_A088_s20261001_40s', 'arm_a': 'R0', 'arm_b': 'O3r', 'psnr': '35.0528', 'ssim': '0.9915', 'lpips': '0.0068'}
{'tag': 'alignment_100_A089_s20261001_40s', 'arm_a': 'R0', 'arm_b': 'O3r', 'psnr': '29.4232', 'ssim': '0.9744', 'lpips': '0.0098'}
{'tag': 'alignment_100_A090_s20261001_40s', 'arm_a': 'R0', 'arm_b': 'O3r', 'psnr': '20.1083', 'ssim': '0.8850', 'lpips': '0.1572'}
{'tag': 'alignment_100_A091_s20261001_40s', 'arm_a': 'R0', 'arm_b': 'O3r', 'psnr': '19.8691', 'ssim': '0.9018', 'lpips': '0.1048'}
{'tag': 'alignment_100_A092_s20261001_40s', 'arm_a': 'R0', 'arm_b': 'O3r', 'psnr': '29.6462', 'ssim': '0.9625', 'lpips': '0.0246'}
{'tag': 'alignment_100_A093_s20261001_40s', 'arm_a': 'R0', 'arm_b': 'O3r', 'psnr': '31.9305', 'ssim': '0.9904', 'lpips': '0.0051'}
{'tag': 'alignment_100_A094_s20261001_40s', 'arm_a': 'R0', 'arm_b': 'O3r', 'psnr': '22.8226', 'ssim': '0.9267', 'lpips': '0.0480'}
{'tag': 'alignment_100_A095_s20261001_40s', 'arm_a': 'R0', 'arm_b': 'O3r', 'psnr': '17.4185', 'ssim': '0.8914', 'lpips': '0.0874'}
{'tag': 'alignment_100_A096_s20261001_40s', 'arm_a': 'R0', 'arm_b': 'O3r', 'psnr': '21.7126', 'ssim': '0.9260', 'lpips': '0.0661'}
{'tag': 'alignment_100_A097_s20261001_40s', 'arm_a': 'R0', 'arm_b': 'O3r', 'psnr': '23.3566', 'ssim': '0.9315', 'lpips': '0.0512'}
{'tag': 'alignment_100_A098_s20261001_40s', 'arm_a': 'R0', 'arm_b': 'O3r', 'psnr': '26.2966', 'ssim': '0.9590', 'lpips': '0.0286'}
{'tag': 'alignment_100_A099_s20261001_40s', 'arm_a': 'R0', 'arm_b': 'O3r', 'psnr': '18.0350', 'ssim': '0.8561', 'lpips': '0.2486'}
{'tag': 'alignment_100_A100_s20261001_40s', 'arm_a': 'R0', 'arm_b': 'O3r', 'psnr': '19.1870', 'ssim': '0.8278', 'lpips': '0.2343'}
{
  "psnr": {
    "count": 100,
    "mean": 29.80836397033446,
    "std": 7.638774448254049,
    "median": 29.28567056370111,
    "p5": 18.85720178431972,
    "p25": 23.778452697951558,
    "p75": 35.09713334992171,
    "p95": 42.62942602367464,
    "min": 14.481870144468544,
    "max": 51.12393545492086
  },
  "ssim": {
    "count": 100,
    "mean": 0.9442622270278995,
    "std": 0.05780253952202905,
    "median": 0.9680100267493228,
    "p5": 0.8261016697321696,
    "p25": 0.9221939534174652,
    "p75": 0.9877914768156396,
    "p95": 0.995077121305508,
    "min": 0.7357276825140581,
    "max": 0.996761561374301
  },
  "lpips": {
    "count": 100,
    "mean": 0.052502734900917856,
    "std": 0.056329032738528406,
    "median": 0.030271682888269424,
    "p5": 0.0033276712172664704,
    "p25": 0.01150788739323616,
    "p75": 0.06987420283257961,
    "p95": 0.15882450863718978,
    "min": 0.0017217451240867376,
    "max": 0.2486386001110077
  }
}
IMG100_40_DONE
