[O3qL] openvino=2026.4.1-22982-e213a147257-releases/2026/4 read=0.1s compile=1.8s perf_hint=LATENCY exec_mode=ExecutionMode.ACCURACY inference_precision=<Type: 'float32'> outputs=39
[O3qL] output names (first/last): ['hidden_states.1', 'hidden_states.47', 'hidden_states.93'] ... ['6093', '6093', 'out_38']
[O3qL][C01] seq=32 kept=18 emb=2.108s infer=2.577s
[O3qL][C02] seq=42 kept=28 emb=1.146s infer=0.535s
[O3qL][C03] seq=41 kept=27 emb=0.504s infer=0.545s
[O3qL][C04] seq=33 kept=19 emb=0.478s infer=0.434s
[O3qL][C05] seq=39 kept=25 emb=0.497s infer=0.503s
[O3qL][C06] seq=34 kept=20 emb=0.484s infer=0.460s
[O3qL][C07] seq=39 kept=25 emb=0.448s infer=0.489s
[O3qL][C08] seq=79 kept=65 emb=0.451s infer=0.957s
[O3qL][C09] seq=41 kept=27 emb=0.633s infer=0.530s
[O3qL][C10] seq=48 kept=34 emb=0.563s infer=0.596s
done O3qL
[O3q] openvino=2026.4.1-22982-e213a147257-releases/2026/4 read=0.1s compile=1.4s perf_hint=LATENCY exec_mode=ExecutionMode.ACCURACY inference_precision=<Type: 'float32'> outputs=39
[O3q] output names (first/last): ['hidden_states.1', 'hidden_states.45', '547'] ... ['hidden_states.1663', 'hidden_states.1663', 'out_38']
[O3q][C01] seq=32 kept=18 emb=1.778s infer=3.105s
[O3q][C02] seq=42 kept=28 emb=1.233s infer=0.545s
[O3q][C03] seq=41 kept=27 emb=0.512s infer=0.520s
[O3q][C04] seq=33 kept=19 emb=0.476s infer=0.407s
[O3q][C05] seq=39 kept=25 emb=0.468s infer=0.478s
[O3q][C06] seq=34 kept=20 emb=0.523s infer=0.422s
[O3q][C07] seq=39 kept=25 emb=0.488s infer=0.505s
[O3q][C08] seq=79 kept=65 emb=0.496s infer=0.911s
[O3q][C09] seq=41 kept=27 emb=0.546s infer=0.513s
[O3q][C10] seq=48 kept=34 emb=0.498s infer=0.611s
done O3q
[O3qL] openvino=2026.4.1-22982-e213a147257-releases/2026/4 read=0.1s compile=1.8s perf_hint=LATENCY exec_mode=ExecutionMode.ACCURACY inference_precision=<Type: 'float32'> outputs=39
[O3qL] output names (first/last): ['hidden_states.1', '384', 'hidden_states.93'] ... ['6093', '6093', 'out_38']
[O3qL][A001] seq=30 kept=16 emb=1.798s infer=1.636s
[O3qL][A002] seq=31 kept=17 emb=0.913s infer=0.447s
[O3qL][A003] seq=30 kept=16 emb=0.535s infer=0.425s
[O3qL][A004] seq=32 kept=18 emb=0.481s infer=0.443s
[O3qL][A005] seq=32 kept=18 emb=0.512s infer=0.409s
[O3qL][A006] seq=33 kept=19 emb=0.543s infer=0.417s
[O3qL][A007] seq=30 kept=16 emb=0.478s infer=0.423s
[O3qL][A008] seq=31 kept=17 emb=0.497s infer=0.508s
[O3qL][A009] seq=33 kept=19 emb=0.501s infer=0.475s
[O3qL][A010] seq=31 kept=17 emb=0.502s infer=0.426s
[O3qL][A011] seq=42 kept=28 emb=0.504s infer=0.565s
[O3qL][A012] seq=41 kept=27 emb=0.505s infer=0.533s
[O3qL][A013] seq=37 kept=23 emb=0.478s infer=0.514s
[O3qL][A014] seq=39 kept=25 emb=0.482s infer=0.500s
[O3qL][A015] seq=37 kept=23 emb=0.463s infer=0.479s
[O3qL][A016] seq=39 kept=25 emb=0.461s infer=0.475s
[O3qL][A017] seq=36 kept=22 emb=0.483s infer=0.507s
[O3qL][A018] seq=35 kept=21 emb=0.530s infer=0.449s
[O3qL][A019] seq=38 kept=24 emb=0.503s infer=0.521s
[O3qL][A020] seq=39 kept=25 emb=0.544s infer=0.495s
[O3qL][A021] seq=41 kept=27 emb=0.467s infer=0.522s
[O3qL][A022] seq=38 kept=24 emb=0.510s infer=0.501s
[O3qL][A023] seq=35 kept=21 emb=0.481s infer=0.420s
[O3qL][A024] seq=41 kept=27 emb=0.413s infer=0.493s
[O3qL][A025] seq=36 kept=22 emb=0.528s infer=0.502s
[O3qL][A026] seq=37 kept=23 emb=0.481s infer=0.508s
[O3qL][A027] seq=38 kept=24 emb=0.542s infer=0.522s
[O3qL][A028] seq=35 kept=21 emb=0.494s infer=0.458s
[O3qL][A029] seq=38 kept=24 emb=0.502s infer=0.495s
[O3qL][A030] seq=35 kept=21 emb=0.471s infer=0.524s
[O3qL][A031] seq=33 kept=19 emb=0.490s infer=0.444s
[O3qL][A032] seq=31 kept=17 emb=0.480s infer=0.509s
[O3qL][A033] seq=36 kept=22 emb=0.494s infer=0.481s
[O3qL][A034] seq=32 kept=18 emb=0.488s infer=0.481s
[O3qL][A035] seq=30 kept=16 emb=0.490s infer=0.425s
[O3qL][A036] seq=32 kept=18 emb=0.558s infer=0.480s
[O3qL][A037] seq=32 kept=18 emb=0.488s infer=0.418s
[O3qL][A038] seq=32 kept=18 emb=0.499s infer=0.437s
[O3qL][A039] seq=34 kept=20 emb=0.485s infer=0.442s
[O3qL][A040] seq=32 kept=18 emb=0.523s infer=0.433s
[O3qL][A041] seq=39 kept=25 emb=0.564s infer=0.497s
[O3qL][A042] seq=36 kept=22 emb=0.476s infer=0.472s
[O3qL][A043] seq=37 kept=23 emb=0.492s infer=0.507s
[O3qL][A044] seq=32 kept=18 emb=0.471s infer=0.427s
[O3qL][A045] seq=33 kept=19 emb=0.484s infer=0.441s
[O3qL][A046] seq=31 kept=17 emb=0.523s infer=0.421s
[O3qL][A047] seq=33 kept=19 emb=0.503s infer=0.428s
[O3qL][A048] seq=34 kept=20 emb=0.520s infer=0.414s
[O3qL][A049] seq=39 kept=25 emb=0.520s infer=0.473s
[O3qL][A050] seq=35 kept=21 emb=0.506s infer=0.455s
[O3qL][A051] seq=34 kept=20 emb=0.557s infer=0.437s
[O3qL][A052] seq=36 kept=22 emb=0.507s infer=0.477s
[O3qL][A053] seq=35 kept=21 emb=0.522s infer=0.463s
[O3qL][A054] seq=37 kept=23 emb=0.538s infer=0.510s
[O3qL][A055] seq=35 kept=21 emb=0.530s infer=0.508s
[O3qL][A056] seq=37 kept=23 emb=0.552s infer=0.512s
[O3qL][A057] seq=33 kept=19 emb=0.499s infer=0.434s
[O3qL][A058] seq=33 kept=19 emb=0.496s infer=0.422s
[O3qL][A059] seq=35 kept=21 emb=0.510s infer=0.435s
[O3qL][A060] seq=34 kept=20 emb=0.520s infer=0.456s
[O3qL][A061] seq=39 kept=25 emb=0.567s infer=0.519s
[O3qL][A062] seq=37 kept=23 emb=0.485s infer=0.468s
[O3qL][A063] seq=33 kept=19 emb=0.479s infer=0.432s
[O3qL][A064] seq=31 kept=17 emb=0.484s infer=0.430s
[O3qL][A065] seq=35 kept=21 emb=0.463s infer=0.446s
[O3qL][A066] seq=37 kept=23 emb=0.579s infer=0.503s
[O3qL][A067] seq=34 kept=20 emb=0.463s infer=0.422s
[O3qL][A068] seq=32 kept=18 emb=0.426s infer=0.434s
[O3qL][A069] seq=34 kept=20 emb=0.504s infer=0.471s
[O3qL][A070] seq=32 kept=18 emb=0.494s infer=0.436s
[O3qL][A071] seq=79 kept=65 emb=0.504s infer=0.924s
[O3qL][A072] seq=54 kept=40 emb=0.702s infer=0.648s
[O3qL][A073] seq=57 kept=43 emb=0.453s infer=0.686s
[O3qL][A074] seq=53 kept=39 emb=0.517s infer=0.637s
[O3qL][A075] seq=52 kept=38 emb=0.560s infer=0.632s
[O3qL][A076] seq=53 kept=39 emb=0.511s infer=0.639s
[O3qL][A077] seq=53 kept=39 emb=0.492s infer=0.623s
[O3qL][A078] seq=50 kept=36 emb=0.516s infer=0.627s
[O3qL][A079] seq=51 kept=37 emb=0.508s infer=0.625s
[O3qL][A080] seq=49 kept=35 emb=0.618s infer=0.617s
[O3qL][A081] seq=40 kept=26 emb=0.551s infer=0.515s
[O3qL][A082] seq=41 kept=27 emb=0.551s infer=0.531s
[O3qL][A083] seq=42 kept=28 emb=0.549s infer=0.517s
[O3qL][A084] seq=39 kept=25 emb=0.551s infer=0.499s
[O3qL][A085] seq=39 kept=25 emb=0.547s infer=0.503s
[O3qL][A086] seq=36 kept=22 emb=0.557s infer=0.442s
[O3qL][A087] seq=36 kept=22 emb=0.557s infer=0.440s
[O3qL][A088] seq=38 kept=24 emb=0.598s infer=0.509s
[O3qL][A089] seq=40 kept=26 emb=0.571s infer=0.515s
[O3qL][A090] seq=43 kept=29 emb=0.623s infer=0.541s
[O3qL][A091] seq=36 kept=22 emb=0.538s infer=0.433s
[O3qL][A092] seq=48 kept=34 emb=0.571s infer=0.604s
[O3qL][A093] seq=37 kept=23 emb=0.546s infer=0.505s
[O3qL][A094] seq=38 kept=24 emb=0.564s infer=0.491s
[O3qL][A095] seq=47 kept=33 emb=0.553s infer=0.614s
[O3qL][A096] seq=37 kept=23 emb=0.526s infer=0.447s
[O3qL][A097] seq=40 kept=26 emb=0.563s infer=0.457s
[O3qL][A098] seq=42 kept=28 emb=0.557s infer=0.520s
[O3qL][A099] seq=43 kept=29 emb=0.546s infer=0.534s
[O3qL][A100] seq=37 kept=23 emb=0.538s infer=0.485s
done O3qL
[O3q] openvino=2026.4.1-22982-e213a147257-releases/2026/4 read=0.1s compile=1.4s perf_hint=LATENCY exec_mode=ExecutionMode.ACCURACY inference_precision=<Type: 'float32'> outputs=39
[O3q] output names (first/last): ['hidden_states.1', '384', 'hidden_states.93'] ... ['6089', '6089', 'out_38']
[O3q][A001] seq=30 kept=16 emb=1.842s infer=1.330s
[O3q][A002] seq=31 kept=17 emb=0.467s infer=0.395s
[O3q][A003] seq=30 kept=16 emb=0.468s infer=0.388s
[O3q][A004] seq=32 kept=18 emb=0.471s infer=0.387s
[O3q][A005] seq=32 kept=18 emb=0.472s infer=0.387s
[O3q][A006] seq=33 kept=19 emb=0.474s infer=0.405s
[O3q][A007] seq=30 kept=16 emb=0.462s infer=0.357s
[O3q][A008] seq=31 kept=17 emb=0.449s infer=0.387s
[O3q][A009] seq=33 kept=19 emb=0.483s infer=0.390s
[O3q][A010] seq=31 kept=17 emb=0.451s infer=0.379s
[O3q][A011] seq=42 kept=28 emb=0.456s infer=0.484s
[O3q][A012] seq=41 kept=27 emb=0.449s infer=0.521s
[O3q][A013] seq=37 kept=23 emb=0.473s infer=0.503s
[O3q][A014] seq=39 kept=25 emb=0.483s infer=0.486s
[O3q][A015] seq=37 kept=23 emb=0.475s infer=0.471s
[O3q][A016] seq=39 kept=25 emb=0.486s infer=0.471s
[O3q][A017] seq=36 kept=22 emb=0.492s infer=0.444s
[O3q][A018] seq=35 kept=21 emb=0.490s infer=0.420s
[O3q][A019] seq=38 kept=24 emb=0.500s infer=0.487s
[O3q][A020] seq=39 kept=25 emb=0.502s infer=0.508s
[O3q][A021] seq=41 kept=27 emb=0.504s infer=0.508s
[O3q][A022] seq=38 kept=24 emb=0.488s infer=0.510s
[O3q][A023] seq=35 kept=21 emb=0.484s infer=0.451s
[O3q][A024] seq=41 kept=27 emb=0.539s infer=0.507s
[O3q][A025] seq=36 kept=22 emb=0.575s infer=0.432s
[O3q][A026] seq=37 kept=23 emb=0.514s infer=0.463s
[O3q][A027] seq=38 kept=24 emb=0.498s infer=0.472s
[O3q][A028] seq=35 kept=21 emb=0.548s infer=0.441s
[O3q][A029] seq=38 kept=24 emb=0.494s infer=0.480s
[O3q][A030] seq=35 kept=21 emb=0.585s infer=0.432s
[O3q][A031] seq=33 kept=19 emb=0.530s infer=0.428s
[O3q][A032] seq=31 kept=17 emb=0.506s infer=0.412s
[O3q][A033] seq=36 kept=22 emb=0.496s infer=0.440s
[O3q][A034] seq=32 kept=18 emb=0.509s infer=0.386s
[O3q][A035] seq=30 kept=16 emb=0.506s infer=0.421s
[O3q][A036] seq=32 kept=18 emb=0.495s infer=0.428s
[O3q][A037] seq=32 kept=18 emb=0.505s infer=0.410s
[O3q][A038] seq=32 kept=18 emb=0.505s infer=0.413s
[O3q][A039] seq=34 kept=20 emb=0.514s infer=0.438s
[O3q][A040] seq=32 kept=18 emb=0.486s infer=0.413s
[O3q][A041] seq=39 kept=25 emb=0.441s infer=0.508s
[O3q][A042] seq=36 kept=22 emb=0.507s infer=0.413s
[O3q][A043] seq=37 kept=23 emb=0.514s infer=0.443s
[O3q][A044] seq=32 kept=18 emb=0.514s infer=0.419s
[O3q][A045] seq=33 kept=19 emb=0.505s infer=0.412s
[O3q][A046] seq=31 kept=17 emb=0.505s infer=0.415s
[O3q][A047] seq=33 kept=19 emb=0.541s infer=0.423s
[O3q][A048] seq=34 kept=20 emb=0.505s infer=0.417s
[O3q][A049] seq=39 kept=25 emb=0.496s infer=0.505s
[O3q][A050] seq=35 kept=21 emb=0.523s infer=0.433s
[O3q][A051] seq=34 kept=20 emb=0.493s infer=0.408s
[O3q][A052] seq=36 kept=22 emb=0.508s infer=0.438s
[O3q][A053] seq=35 kept=21 emb=0.470s infer=0.443s
[O3q][A054] seq=37 kept=23 emb=0.503s infer=0.469s
[O3q][A055] seq=35 kept=21 emb=0.508s infer=0.429s
[O3q][A056] seq=37 kept=23 emb=0.488s infer=0.513s
[O3q][A057] seq=33 kept=19 emb=0.506s infer=0.430s
[O3q][A058] seq=33 kept=19 emb=0.438s infer=0.414s
[O3q][A059] seq=35 kept=21 emb=0.501s infer=0.413s
[O3q][A060] seq=34 kept=20 emb=0.496s infer=0.423s
[O3q][A061] seq=39 kept=25 emb=0.500s infer=0.493s
[O3q][A062] seq=37 kept=23 emb=0.513s infer=0.444s
[O3q][A063] seq=33 kept=19 emb=0.483s infer=0.397s
[O3q][A064] seq=31 kept=17 emb=0.501s infer=0.380s
[O3q][A065] seq=35 kept=21 emb=0.463s infer=0.427s
[O3q][A066] seq=37 kept=23 emb=0.503s infer=0.440s
[O3q][A067] seq=34 kept=20 emb=0.537s infer=0.419s
[O3q][A068] seq=32 kept=18 emb=0.508s infer=0.395s
[O3q][A069] seq=34 kept=20 emb=0.509s infer=0.424s
[O3q][A070] seq=32 kept=18 emb=0.510s infer=0.388s
[O3q][A071] seq=79 kept=65 emb=0.510s infer=0.861s
[O3q][A072] seq=54 kept=40 emb=0.547s infer=0.618s
[O3q][A073] seq=57 kept=43 emb=0.482s infer=0.605s
[O3q][A074] seq=53 kept=39 emb=0.459s infer=0.612s
[O3q][A075] seq=52 kept=38 emb=0.485s infer=0.596s
[O3q][A076] seq=53 kept=39 emb=0.538s infer=0.604s
[O3q][A077] seq=53 kept=39 emb=0.499s infer=0.596s
[O3q][A078] seq=50 kept=36 emb=0.473s infer=0.594s
[O3q][A079] seq=51 kept=37 emb=0.491s infer=0.559s
[O3q][A080] seq=49 kept=35 emb=0.486s infer=0.563s
[O3q][A081] seq=40 kept=26 emb=0.492s infer=0.456s
[O3q][A082] seq=41 kept=27 emb=0.581s infer=0.481s
[O3q][A083] seq=42 kept=28 emb=0.502s infer=0.468s
[O3q][A084] seq=39 kept=25 emb=0.465s infer=0.450s
[O3q][A085] seq=39 kept=25 emb=0.511s infer=0.433s
[O3q][A086] seq=36 kept=22 emb=0.441s infer=0.436s
[O3q][A087] seq=36 kept=22 emb=0.512s infer=0.430s
[O3q][A088] seq=38 kept=24 emb=0.504s infer=0.459s
[O3q][A089] seq=40 kept=26 emb=0.498s infer=0.465s
[O3q][A090] seq=43 kept=29 emb=0.494s infer=0.532s
[O3q][A091] seq=36 kept=22 emb=0.490s infer=0.454s
[O3q][A092] seq=48 kept=34 emb=0.538s infer=0.596s
[O3q][A093] seq=37 kept=23 emb=0.470s infer=0.442s
[O3q][A094] seq=38 kept=24 emb=0.457s infer=0.450s
[O3q][A095] seq=47 kept=33 emb=0.491s infer=0.571s
[O3q][A096] seq=37 kept=23 emb=0.491s infer=0.463s
[O3q][A097] seq=40 kept=26 emb=0.512s infer=0.458s
[O3q][A098] seq=42 kept=28 emb=0.507s infer=0.524s
[O3q][A099] seq=43 kept=29 emb=0.484s infer=0.546s
[O3q][A100] seq=37 kept=23 emb=0.475s infer=0.432s
done O3q
O3Q_ENC_DONE
