Looking in indexes: https://repo.amd.com/rocm/whl-multi-arch/
Collecting torch==2.12.0+rocm7.14.1 (from torch[device-gfx1100]==2.12.0+rocm7.14.1)
  Downloading torch-2.12.0%2Brocm7.14.1-cp312-cp312-linux_x86_64.whl (202.6 MB)
     ━━━━━━━━━━━━━━━━━━━━━━━━━━━━━━━━━━━━━━━━ 202.6/202.6 MB 98.2 MB/s  0:00:02
Collecting torchvision==0.27.0+rocm7.14.1 (from torchvision[device-gfx1100]==0.27.0+rocm7.14.1)
  Downloading torchvision-0.27.0%2Brocm7.14.1-cp312-cp312-linux_x86_64.whl (1.1 MB)
     ━━━━━━━━━━━━━━━━━━━━━━━━━━━━━━━━━━━━━━━━ 1.1/1.1 MB 2.0 MB/s  0:00:01
Collecting filelock (from torch==2.12.0+rocm7.14.1->torch[device-gfx1100]==2.12.0+rocm7.14.1)
  Downloading filelock-3.29.1-py3-none-any.whl (40 kB)
Collecting typing-extensions>=4.10.0 (from torch==2.12.0+rocm7.14.1->torch[device-gfx1100]==2.12.0+rocm7.14.1)
  Downloading typing_extensions-4.15.0-py3-none-any.whl (44 kB)
Collecting setuptools<82 (from torch==2.12.0+rocm7.14.1->torch[device-gfx1100]==2.12.0+rocm7.14.1)
  Using cached setuptools-81.0.0-py3-none-any.whl (1.1 MB)
Collecting sympy>=1.13.3 (from torch==2.12.0+rocm7.14.1->torch[device-gfx1100]==2.12.0+rocm7.14.1)
  Downloading sympy-1.14.0-py3-none-any.whl (6.3 MB)
     ━━━━━━━━━━━━━━━━━━━━━━━━━━━━━━━━━━━━━━━━ 6.3/6.3 MB 102.8 MB/s  0:00:00
Collecting networkx>=2.5.1 (from torch==2.12.0+rocm7.14.1->torch[device-gfx1100]==2.12.0+rocm7.14.1)
  Downloading networkx-3.6.1-py3-none-any.whl (2.1 MB)
     ━━━━━━━━━━━━━━━━━━━━━━━━━━━━━━━━━━━━━━━━ 2.1/2.1 MB 51.2 MB/s  0:00:00
Collecting jinja2 (from torch==2.12.0+rocm7.14.1->torch[device-gfx1100]==2.12.0+rocm7.14.1)
  Downloading jinja2-3.1.6-py3-none-any.whl (134 kB)
Collecting fsspec>=0.8.5 (from torch==2.12.0+rocm7.14.1->torch[device-gfx1100]==2.12.0+rocm7.14.1)
  Downloading fsspec-2026.4.0-py3-none-any.whl (203 kB)
Collecting rocm==7.14.1 (from rocm[libraries]==7.14.1->torch==2.12.0+rocm7.14.1->torch[device-gfx1100]==2.12.0+rocm7.14.1)
  Downloading rocm-7.14.1.tar.gz (24 kB)
  Installing build dependencies: started
  Installing build dependencies: finished with status 'done'
  Getting requirements to build wheel: started
  Getting requirements to build wheel: finished with status 'done'
  Preparing metadata (pyproject.toml): started
  Preparing metadata (pyproject.toml): finished with status 'done'
Collecting triton==3.8.0+git4cff872c.rocm7.14.1 (from torch==2.12.0+rocm7.14.1->torch[device-gfx1100]==2.12.0+rocm7.14.1)
  Downloading triton-3.8.0%2Bgit4cff872c.rocm7.14.1-cp312-cp312-linux_x86_64.whl (427.3 MB)
     ━━━━━━━━━━━━━━━━━━━━━━━━━━━━━━━━━━━━━━━━ 427.3/427.3 MB 102.3 MB/s  0:00:03
Collecting rocm-bootstrap (from torch==2.12.0+rocm7.14.1->torch[device-gfx1100]==2.12.0+rocm7.14.1)
  Downloading rocm_bootstrap-0.1.0-py3-none-any.whl (27 kB)
Collecting numpy (from torchvision==0.27.0+rocm7.14.1->torchvision[device-gfx1100]==0.27.0+rocm7.14.1)
  Downloading numpy-2.4.4-cp312-cp312-manylinux_2_27_x86_64.manylinux_2_28_x86_64.whl (16.6 MB)
     ━━━━━━━━━━━━━━━━━━━━━━━━━━━━━━━━━━━━━━━━ 16.6/16.6 MB 92.6 MB/s  0:00:00
Collecting pillow!=8.3.*,>=5.3.0 (from torchvision==0.27.0+rocm7.14.1->torchvision[device-gfx1100]==0.27.0+rocm7.14.1)
  Downloading pillow-12.2.0-cp312-cp312-manylinux_2_27_x86_64.manylinux_2_28_x86_64.whl (7.1 MB)
     ━━━━━━━━━━━━━━━━━━━━━━━━━━━━━━━━━━━━━━━━ 7.1/7.1 MB 7.9 MB/s  0:00:01
Collecting rocm-sdk-core==7.14.1 (from rocm==7.14.1->rocm[libraries]==7.14.1->torch==2.12.0+rocm7.14.1->torch[device-gfx1100]==2.12.0+rocm7.14.1)
  Downloading rocm_sdk_core-7.14.1-py3-none-linux_x86_64.whl (414.6 MB)
     ━━━━━━━━━━━━━━━━━━━━━━━━━━━━━━━━━━━━━━━━ 414.6/414.6 MB 85.3 MB/s  0:00:04
Collecting rocm-sdk-libraries==7.14.1 (from rocm[libraries]==7.14.1->torch==2.12.0+rocm7.14.1->torch[device-gfx1100]==2.12.0+rocm7.14.1)
  Downloading rocm_sdk_libraries-7.14.1-py3-none-linux_x86_64.whl (143.0 MB)
     ━━━━━━━━━━━━━━━━━━━━━━━━━━━━━━━━━━━━━━━━ 143.0/143.0 MB 93.8 MB/s  0:00:01
Collecting amd-torch-device-gfx1100==2.12.0+rocm7.14.1 (from torch[device-gfx1100]==2.12.0+rocm7.14.1)
  Downloading amd_torch_device_gfx1100-2.12.0%2Brocm7.14.1-cp312-cp312-linux_x86_64.whl (51.0 MB)
     ━━━━━━━━━━━━━━━━━━━━━━━━━━━━━━━━━━━━━━━━ 51.0/51.0 MB 98.5 MB/s  0:00:00
Collecting amd-torch-device-gfx110x==2.12.0+rocm7.14.1 (from torch[device-gfx1100]==2.12.0+rocm7.14.1)
  Downloading amd_torch_device_gfx110x-2.12.0%2Brocm7.14.1-cp312-cp312-linux_x86_64.whl (243.1 MB)
     ━━━━━━━━━━━━━━━━━━━━━━━━━━━━━━━━━━━━━━━━ 243.1/243.1 MB 94.9 MB/s  0:00:02
Collecting rocm-sdk-device-gfx1100==7.14.1 (from amd-torch-device-gfx1100==2.12.0+rocm7.14.1->torch[device-gfx1100]==2.12.0+rocm7.14.1)
  Downloading rocm_sdk_device_gfx1100-7.14.1-py3-none-linux_x86_64.whl (214.9 MB)
     ━━━━━━━━━━━━━━━━━━━━━━━━━━━━━━━━━━━━━━━━ 214.9/214.9 MB 99.9 MB/s  0:00:02
Collecting amd-torchvision-device-gfx1100==0.27.0+rocm7.14.1 (from torchvision[device-gfx1100]==0.27.0+rocm7.14.1)
  Downloading amd_torchvision_device_gfx1100-0.27.0%2Brocm7.14.1-cp312-cp312-linux_x86_64.whl (140 kB)
Collecting mpmath<1.4,>=1.1.0 (from sympy>=1.13.3->torch==2.12.0+rocm7.14.1->torch[device-gfx1100]==2.12.0+rocm7.14.1)
  Downloading mpmath-1.3.0-py3-none-any.whl (536 kB)
     ━━━━━━━━━━━━━━━━━━━━━━━━━━━━━━━━━━━━━━━━ 536.2/536.2 kB 23.8 MB/s  0:00:00
Collecting MarkupSafe>=2.0 (from jinja2->torch==2.12.0+rocm7.14.1->torch[device-gfx1100]==2.12.0+rocm7.14.1)
  Downloading markupsafe-3.0.3-cp312-cp312-manylinux2014_x86_64.manylinux_2_17_x86_64.manylinux_2_28_x86_64.whl (22 kB)
Building wheels for collected packages: rocm
  Building wheel for rocm (pyproject.toml): started
  Building wheel for rocm (pyproject.toml): finished with status 'done'
  Created wheel for rocm: filename=rocm-7.14.1-py3-none-any.whl size=28680 sha256=5148719dc130333fcfdbf88e544b4edb4683391fb937f7f4da4793ddea6a6d95
  Stored in directory: /root/.cache/pip/wheels/0e/49/05/83730030cfb4859fb43e70c5d8880cd9eee615937976257f5f
Successfully built rocm
Installing collected packages: rocm-sdk-libraries, rocm-sdk-core, mpmath, typing-extensions, triton, sympy, setuptools, rocm-sdk-device-gfx1100, rocm-bootstrap, rocm, pillow, numpy, networkx, MarkupSafe, fsspec, filelock, jinja2, torch, torchvision, amd-torch-device-gfx110x, amd-torch-device-gfx1100, amd-torchvision-device-gfx1100
  Attempting uninstall: rocm-sdk-libraries
    Found existing installation: rocm-sdk-libraries 7.14.0
    Uninstalling rocm-sdk-libraries-7.14.0:
      Successfully uninstalled rocm-sdk-libraries-7.14.0
  Attempting uninstall: rocm-sdk-core
    Found existing installation: rocm-sdk-core 7.14.0
    Uninstalling rocm-sdk-core-7.14.0:
      Successfully uninstalled rocm-sdk-core-7.14.0
  Attempting uninstall: setuptools
    Found existing installation: setuptools 84.0.0
    Uninstalling setuptools-84.0.0:
      Successfully uninstalled setuptools-84.0.0
  Attempting uninstall: rocm-sdk-device-gfx1100
    Found existing installation: rocm-sdk-device-gfx1100 7.14.0
    Uninstalling rocm-sdk-device-gfx1100-7.14.0:
      Successfully uninstalled rocm-sdk-device-gfx1100-7.14.0
  Attempting uninstall: rocm
    Found existing installation: rocm 7.14.0
    Uninstalling rocm-7.14.0:
      Successfully uninstalled rocm-7.14.0

Successfully installed MarkupSafe-3.0.3 amd-torch-device-gfx1100-2.12.0+rocm7.14.1 amd-torch-device-gfx110x-2.12.0+rocm7.14.1 amd-torchvision-device-gfx1100-0.27.0+rocm7.14.1 filelock-3.29.1 fsspec-2026.4.0 jinja2-3.1.6 mpmath-1.3.0 networkx-3.6.1 numpy-2.4.4 pillow-12.2.0 rocm-7.14.1 rocm-bootstrap-0.1.0 rocm-sdk-core-7.14.1 rocm-sdk-device-gfx1100-7.14.1 rocm-sdk-libraries-7.14.1 setuptools-81.0.0 sympy-1.14.0 torch-2.12.0+rocm7.14.1 torchvision-0.27.0+rocm7.14.1 triton-3.8.0+git4cff872c.rocm7.14.1 typing-extensions-4.15.0
